// Jest Snapshot v1, https://goo.gl/fbAQLP

exports[`NotePageMain component splits the content by \\n or \\n\\r, with a p foreach 1`] = `null`;

exports[`NotePageMain component splits the content by \\n or \\n\\r, with a p foreach 2`] = `null`;
